Copyright 1986-2022 Xilinx, Inc. All Rights Reserved. Copyright 2022-2025 Advanced Micro Devices, Inc. All Rights Reserved.
---------------------------------------------------------------------------------------------------------------------------------------------
| Tool Version : Vivado v.2025.2 (lin64) Build 6299465 Fri Nov 14 12:34:56 MST 2025
| Date         : Sat Sep  5 11:56:23 2026
| Host         : H3C running 64-bit Ubuntu 24.04.4 LTS
| Command      : report_timing_summary -file /home/test/zynq_fabricmap/builds/b1/timing.rpt
| Design       : b1_top
| Device       : 7z010-clg400
| Speed File   : -1  PRODUCTION 1.12 2019-11-22
| Design State : Routed
---------------------------------------------------------------------------------------------------------------------------------------------

Timing Summary Report

------------------------------------------------------------------------------------------------
| Timer Settings
| --------------
------------------------------------------------------------------------------------------------

  Enable Multi Corner Analysis               :  Yes
  Enable Pessimism Removal                   :  Yes
  Pessimism Removal Resolution               :  Nearest Common Node
  Enable Input Delay Default Clock           :  No
  Enable Preset / Clear Arcs                 :  No
  Disable Flight Delays                      :  No
  Ignore I/O Paths                           :  No
  Timing Early Launch at Borrowing Latches   :  No
  Borrow Time for Max Delay Exceptions       :  Yes
  Merge Timing Exceptions                    :  Yes
  Inter-SLR Compensation                     :  Conservative

  Corner  Analyze    Analyze    
  Name    Max Paths  Min Paths  
  ------  ---------  ---------  
  Slow    Yes        Yes        
  Fast    Yes        Yes        


------------------------------------------------------------------------------------------------
| Report Methodology
| ------------------
------------------------------------------------------------------------------------------------

No report available as report_methodology has not been run prior. Run report_methodology on the current design for the summary of methodology violations.



check_timing report

Table of Contents
-----------------
1. checking no_clock (0)
2. checking constant_clock (0)
3. checking pulse_width_clock (0)
4. checking unconstrained_internal_endpoints (0)
5. checking no_input_delay (0)
6. checking no_output_delay (0)
7. checking multiple_clock (0)
8. checking generated_clocks (0)
9. checking loops (0)
10. checking partial_input_delay (0)
11. checking partial_output_delay (0)
12. checking latch_loops (0)

1. checking no_clock (0)
------------------------
 There are 0 register/latch pins with no clock.


2. checking constant_clock (0)
------------------------------
 There are 0 register/latch pins with constant_clock.


3. checking pulse_width_clock (0)
---------------------------------
 There are 0 register/latch pins which need pulse_width check


4. checking unconstrained_internal_endpoints (0)
------------------------------------------------
 There are 0 pins that are not constrained for maximum delay.

 There are 0 pins that are not constrained for maximum delay due to constant clock.


5. checking no_input_delay (0)
------------------------------
 There are 0 input ports with no input delay specified.

 There are 0 input ports with no input delay but user has a false path constraint.


6. checking no_output_delay (0)
-------------------------------
 There are 0 ports with no output delay specified.

 There are 0 ports with no output delay but user has a false path constraint

 There are 0 ports with no output delay but with a timing clock defined on it or propagating through it


7. checking multiple_clock (0)
------------------------------
 There are 0 register/latch pins with multiple clocks.


8. checking generated_clocks (0)
--------------------------------
 There are 0 generated clocks that are not connected to a clock source.


9. checking loops (0)
---------------------
 There are 0 combinational loops in the design.


10. checking partial_input_delay (0)
------------------------------------
 There are 0 input ports with partial input delay specified.


11. checking partial_output_delay (0)
-------------------------------------
 There are 0 ports with partial output delay specified.


12. checking latch_loops (0)
----------------------------
 There are 0 combinational latch loops in the design through latch input



------------------------------------------------------------------------------------------------
| Design Timing Summary
| ---------------------
------------------------------------------------------------------------------------------------

    WNS(ns)      TNS(ns)  TNS Failing Endpoints  TNS Total Endpoints      WHS(ns)      THS(ns)  THS Failing Endpoints  THS Total Endpoints     WPWS(ns)     TPWS(ns)  TPWS Failing Endpoints  TPWS Total Endpoints  
    -------      -------  ---------------------  -------------------      -------      -------  ---------------------  -------------------     --------     --------  ----------------------  --------------------  
      7.993        0.000                      0                 4256        0.026        0.000                      0                 4256        9.500        0.000                       0                  2324  


All user specified timing constraints are met.


------------------------------------------------------------------------------------------------
| Clock Summary
| -------------
------------------------------------------------------------------------------------------------

Clock  Waveform(ns)       Period(ns)      Frequency(MHz)
-----  ------------       ----------      --------------
fclk0  {0.000 10.000}     20.000          50.000          


------------------------------------------------------------------------------------------------
| Intra Clock Table
| -----------------
------------------------------------------------------------------------------------------------

Clock             WNS(ns)      TNS(ns)  TNS Failing Endpoints  TNS Total Endpoints      WHS(ns)      THS(ns)  THS Failing Endpoints  THS Total Endpoints     WPWS(ns)     TPWS(ns)  TPWS Failing Endpoints  TPWS Total Endpoints  
-----             -------      -------  ---------------------  -------------------      -------      -------  ---------------------  -------------------     --------     --------  ----------------------  --------------------  
fclk0               7.993        0.000                      0                 4256        0.026        0.000                      0                 4256        9.500        0.000                       0                  2324  


------------------------------------------------------------------------------------------------
| Inter Clock Table
| -----------------
------------------------------------------------------------------------------------------------

From Clock    To Clock          WNS(ns)      TNS(ns)  TNS Failing Endpoints  TNS Total Endpoints      WHS(ns)      THS(ns)  THS Failing Endpoints  THS Total Endpoints  
----------    --------          -------      -------  ---------------------  -------------------      -------      -------  ---------------------  -------------------  


------------------------------------------------------------------------------------------------
| Other Path Groups Table
| -----------------------
------------------------------------------------------------------------------------------------

Path Group    From Clock    To Clock          WNS(ns)      TNS(ns)  TNS Failing Endpoints  TNS Total Endpoints      WHS(ns)      THS(ns)  THS Failing Endpoints  THS Total Endpoints  
----------    ----------    --------          -------      -------  ---------------------  -------------------      -------      -------  ---------------------  -------------------  


------------------------------------------------------------------------------------------------
| Timing Details
| --------------
------------------------------------------------------------------------------------------------


---------------------------------------------------------------------------------------------------
From Clock:  fclk0
  To Clock:  fclk0

Setup :            0  Failing Endpoints,  Worst Slack        7.993ns,  Total Violation        0.000ns
Hold  :            0  Failing Endpoints,  Worst Slack        0.026ns,  Total Violation        0.000ns
PW    :            0  Failing Endpoints,  Worst Slack        9.500ns,  Total Violation        0.000ns
---------------------------------------------------------------------------------------------------


Max Delay Paths
--------------------------------------------------------------------------------------
Slack (MET) :             7.993ns  (required time - arrival time)
  Source:                 core/axil/aw_addr_reg[12]/C
                            (rising edge-triggered cell FDCE clocked by fclk0  {rise@0.000ns fall@10.000ns period=20.000ns})
  Destination:            core/axil/payload_reg[13]/D
                            (rising edge-triggered cell FDCE clocked by fclk0  {rise@0.000ns fall@10.000ns period=20.000ns})
  Path Group:             fclk0
  Path Type:              Setup (Max at Slow Process Corner)
  Requirement:            20.000ns  (fclk0 rise@20.000ns - fclk0 rise@0.000ns)
  Data Path Delay:        11.986ns  (logic 3.067ns (25.589%)  route 8.919ns (74.411%))
  Logic Levels:           8  (CARRY4=5 LUT1=1 LUT5=2)
  Clock Path Skew:        -0.063ns (DCD - SCD + CPR)
    Destination Clock Delay (DCD):    2.737ns = ( 22.737 - 20.000 ) 
    Source Clock Delay      (SCD):    3.031ns
    Clock Pessimism Removal (CPR):    0.230ns
  Clock Uncertainty:      0.035ns  ((TSJ^2 + TIJ^2)^1/2 + DJ) / 2 + PE
    Total System Jitter     (TSJ):    0.071ns
    Total Input Jitter      (TIJ):    0.000ns
    Discrete Jitter          (DJ):    0.000ns
    Phase Error              (PE):    0.000ns

    Location             Delay type                Incr(ns)  Path(ns)    PBlock               Netlist Resource(s)
  -------------------------------------------------------------------    ----------------------------------------
                         (clock fclk0 rise edge)      0.000     0.000 r                       
    PS7_X0Y0             PS7                          0.000     0.000 r  pb_logic             ps7/FCLKCLK[0]
                         net (fo=1, routed)           1.207     1.207                         clk
    BUFGCTRL_X0Y15       BUFG (Prop_bufg_I_O)         0.101     1.308 r  pb_logic             clk_BUFG_inst/O
                         net (fo=2324, routed)        1.723     3.031                         core/axil/clk
    SLICE_X0Y43          FDCE                                         r  pb_logic             core/axil/aw_addr_reg[12]/C
  -------------------------------------------------------------------    ----------------------------------------
    SLICE_X0Y43          FDCE (Prop_fdce_C_Q)         0.518     3.549 f  pb_logic             core/axil/aw_addr_reg[12]/Q
                         net (fo=7, routed)           1.092     4.641                         core/axil/aw_addr[12]
    SLICE_X0Y33          LUT1 (Prop_lut1_I0_O)        0.124     4.765 r  pb_logic             core/axil/payload[639]_i_37/O
                         net (fo=1, routed)           0.000     4.765                         core/axil/payload[639]_i_37_n_0
    SLICE_X0Y33          CARRY4 (Prop_carry4_S[1]_CO[3])
                                                      0.533     5.298 r  pb_logic             core/axil/payload_reg[639]_i_24/CO[3]
                         net (fo=1, routed)           0.000     5.298                         core/axil/payload_reg[639]_i_24_n_0
    SLICE_X0Y34          CARRY4 (Prop_carry4_CI_CO[1])
                                                      0.157     5.455 r  pb_logic             core/axil/payload_reg[639]_i_19/CO[1]
                         net (fo=13, routed)          0.938     6.393                         core/axil/payload_reg[639]_i_19_n_2
    SLICE_X0Y39          CARRY4 (Prop_carry4_S[1]_CO[3])
                                                      0.865     7.258 r  pb_logic             core/axil/payload_reg[639]_i_20/CO[3]
                         net (fo=1, routed)           0.000     7.258                         core/axil/payload_reg[639]_i_20_n_0
    SLICE_X0Y40          CARRY4 (Prop_carry4_CI_CO[3])
                                                      0.117     7.375 r  pb_logic             core/axil/payload_reg[639]_i_18/CO[3]
                         net (fo=1, routed)           0.000     7.375                         core/axil/payload_reg[639]_i_18_n_0
    SLICE_X0Y41          CARRY4 (Prop_carry4_CI_O[1])
                                                      0.323     7.698 f  pb_logic             core/axil/payload_reg[639]_i_7/O[1]
                         net (fo=338, routed)         4.125    11.823                         core/axil/payload_reg[639]_i_7_n_6
    SLICE_X16Y1          LUT5 (Prop_lut5_I0_O)        0.306    12.129 r  pb_logic             core/axil/payload[63]_i_3/O
                         net (fo=64, routed)          2.763    14.893                         core/axil/payload[63]_i_3_n_0
    SLICE_X0Y10          LUT5 (Prop_lut5_I4_O)        0.124    15.017 r  pb_logic             core/axil/payload[13]_i_1/O
                         net (fo=1, routed)           0.000    15.017                         core/axil/payload0[13]
    SLICE_X0Y10          FDCE                                         r  pb_logic             core/axil/payload_reg[13]/D
  -------------------------------------------------------------------    ----------------------------------------

                         (clock fclk0 rise edge)     20.000    20.000 r                       
    PS7_X0Y0             PS7                          0.000    20.000 r  pb_logic             ps7/FCLKCLK[0]
                         net (fo=1, routed)           1.101    21.101                         clk
    BUFGCTRL_X0Y15       BUFG (Prop_bufg_I_O)         0.091    21.192 r  pb_logic             clk_BUFG_inst/O
                         net (fo=2324, routed)        1.545    22.738                         core/axil/clk
    SLICE_X0Y10          FDCE                                         r  pb_logic             core/axil/payload_reg[13]/C
                         clock pessimism              0.230    22.968                           
                         clock uncertainty           -0.035    22.933                           
    SLICE_X0Y10          FDCE (Setup_fdce_C_D)        0.077    23.010    pb_logic               core/axil/payload_reg[13]
  -------------------------------------------------------------------
                         required time                         23.010                           
                         arrival time                         -15.017                           
  -------------------------------------------------------------------
                         slack                                  7.993                           





Min Delay Paths
--------------------------------------------------------------------------------------
Slack (MET) :             0.026ns  (arrival time - required time)
  Source:                 core/axil/payload_reg[390]/C
                            (rising edge-triggered cell FDCE clocked by fclk0  {rise@0.000ns fall@10.000ns period=20.000ns})
  Destination:            core/gate/hw_commit_reg[6]/D
                            (rising edge-triggered cell FDCE clocked by fclk0  {rise@0.000ns fall@10.000ns period=20.000ns})
  Path Group:             fclk0
  Path Type:              Hold (Min at Fast Process Corner)
  Requirement:            0.000ns  (fclk0 rise@0.000ns - fclk0 rise@0.000ns)
  Data Path Delay:        0.365ns  (logic 0.141ns (38.648%)  route 0.224ns (61.352%))
  Logic Levels:           0  
  Clock Path Skew:        0.266ns (DCD - SCD - CPR)
    Destination Clock Delay (DCD):    1.200ns
    Source Clock Delay      (SCD):    0.900ns
    Clock Pessimism Removal (CPR):    0.034ns

    Location             Delay type                Incr(ns)  Path(ns)    PBlock               Netlist Resource(s)
  -------------------------------------------------------------------    ----------------------------------------
                         (clock fclk0 rise edge)      0.000     0.000 r                       
    PS7_X0Y0             PS7                          0.000     0.000 r  pb_logic             ps7/FCLKCLK[0]
                         net (fo=1, routed)           0.315     0.315                         clk
    BUFGCTRL_X0Y15       BUFG (Prop_bufg_I_O)         0.026     0.341 r  pb_logic             clk_BUFG_inst/O
                         net (fo=2324, routed)        0.559     0.900                         core/axil/clk
    SLICE_X22Y7          FDCE                                         r  pb_logic             core/axil/payload_reg[390]/C
  -------------------------------------------------------------------    ----------------------------------------
    SLICE_X22Y7          FDCE (Prop_fdce_C_Q)         0.141     1.041 r  pb_logic             core/axil/payload_reg[390]/Q
                         net (fo=2, routed)           0.224     1.264                         core/gate/payload[390]
    SLICE_X21Y5          FDCE                                         r  pb_logic             core/gate/hw_commit_reg[6]/D
  -------------------------------------------------------------------    ----------------------------------------

                         (clock fclk0 rise edge)      0.000     0.000 r                       
    PS7_X0Y0             PS7                          0.000     0.000 r  pb_logic             ps7/FCLKCLK[0]
                         net (fo=1, routed)           0.341     0.341                         clk
    BUFGCTRL_X0Y15       BUFG (Prop_bufg_I_O)         0.029     0.370 r  pb_logic             clk_BUFG_inst/O
                         net (fo=2324, routed)        0.830     1.200                         core/gate/clk
    SLICE_X21Y5          FDCE                                         r  pb_logic             core/gate/hw_commit_reg[6]/C
                         clock pessimism             -0.034     1.166                           
    SLICE_X21Y5          FDCE (Hold_fdce_C_D)         0.072     1.238    pb_logic               core/gate/hw_commit_reg[6]
  -------------------------------------------------------------------
                         required time                         -1.238                           
                         arrival time                           1.264                           
  -------------------------------------------------------------------
                         slack                                  0.026                           





Pulse Width Checks
--------------------------------------------------------------------------------------
Clock Name:         fclk0
Waveform(ns):       { 0.000 10.000 }
Period(ns):         20.000
Sources:            { ps7/FCLKCLK[0] }

Check Type        Corner  Lib Pin  Reference Pin  Required(ns)  Actual(ns)  Slack(ns)  Location        Pin
Min Period        n/a     BUFG/I   n/a            2.155         20.000      17.845     BUFGCTRL_X0Y15  clk_BUFG_inst/I
Low Pulse Width   Slow    FDCE/C   n/a            0.500         10.000      9.500      SLICE_X6Y56     axi3/FSM_sequential_state_reg[0]/C
High Pulse Width  Slow    FDCE/C   n/a            0.500         10.000      9.500      SLICE_X6Y56     axi3/FSM_sequential_state_reg[0]/C



