/home/test/zynq_fabricmap/firmware/b1/b1_app.c:498:12:devcfg_dma	4	static
/home/test/zynq_fabricmap/firmware/b1/b1_app.c:987:12:pull_channel_failed_cb	0	static
/home/test/zynq_fabricmap/firmware/b1/b1_app.c:381:20:parse_frame_any	64	static
/home/test/zynq_fabricmap/firmware/b1/b1_app.c:968:20:pull_parse_cb	0	static
/home/test/zynq_fabricmap/firmware/b1/b1_app.c:1071:12:tx_recv_cb	32	static
/home/test/zynq_fabricmap/firmware/b1/b1_app.c:900:17:app_now_ticks	16	static
/home/test/zynq_fabricmap/firmware/b1/b1_app.c:894:12:app_rx_byte	8	static
/home/test/zynq_fabricmap/firmware/b1/b1_app.c:888:12:app_rx_ready	0	static
/home/test/zynq_fabricmap/firmware/b1/b1_app.c:940:12:pull_send_ready_cb	8	static
/home/test/zynq_fabricmap/firmware/b1/b1_app.c:875:17:audit_word	0	static
/home/test/zynq_fabricmap/firmware/b1/b1_app.c:1096:12:tx_run_line.constprop	64	static
/home/test/zynq_fabricmap/firmware/b1/b1_app.c:434:12:json_uint.constprop	16	static
/home/test/zynq_fabricmap/firmware/b1/b1_app.c:974:12:pull_payload_fields_cb	24	static
/home/test/zynq_fabricmap/firmware/b1/b1_app.c:1083:12:rectx_payload_seq_cb	16	static
/home/test/zynq_fabricmap/firmware/b1/b1_app.c:344:15:build_payload_frame.constprop	24	static
/home/test/zynq_fabricmap/firmware/b1/b1_app.c:1124:12:emit_record	128	static
/home/test/zynq_fabricmap/firmware/b1/b1_app.c:1483:13:emit_summary	184	static
/home/test/zynq_fabricmap/firmware/b1/b1_app.c:654:12:stage_streams.isra	2176	static
/home/test/zynq_fabricmap/firmware/b1/b1_app.c:1077:20:rectx_parse_cb	0	static
/home/test/zynq_fabricmap/firmware/b1/b1_app.c:962:12:pull_recv_cb	32	static
/home/test/zynq_fabricmap/firmware/b1/b1_app.c:1064:12:rectx_recv_cb	32	static
/home/test/zynq_fabricmap/firmware/b1/b1_app.c:280:17:axi_read	0	static
/home/test/zynq_fabricmap/firmware/b1/b1_app.c:1055:12:rectx_send_cb	8	static
/home/test/zynq_fabricmap/firmware/b1/b1_app.c:355:13:send_payload	8	static
/home/test/zynq_fabricmap/firmware/b1/b1_app.c:948:12:pull_serve_chunk_cb	56	static
/home/test/zynq_fabricmap/firmware/b1/b1_app.c:1000:12:audit_pull	144	static
/home/test/zynq_fabricmap/firmware/b1/b1_app.c:368:13:heartbeat.part.0	16	static
/home/test/zynq_fabricmap/firmware/b1/b1_app.c:697:12:write_envelopes	32	static
/home/test/zynq_fabricmap/firmware/b1/b1_app.c:955:12:pull_send_wait_cb	16	static
/home/test/zynq_fabricmap/firmware/b1/b1_app.c:792:12:arm_attempt	160	static
/home/test/zynq_fabricmap/firmware/b1/b1_app.c:1180:12:run_candidate.constprop	9960	static
/home/test/zynq_fabricmap/firmware/b1/b1_app.c:1578:5:main	400	static
