/home/test/zynq_fabricmap/firmware/b1/b1_carto.c:367:13:w_put	16	static
/home/test/zynq_fabricmap/firmware/b1/b1_carto.c:376:13:w_uint	32	static
/home/test/zynq_fabricmap/firmware/b1/b1_carto.c:47:13:rng_sample	56	static
/home/test/zynq_fabricmap/firmware/b1/b1_carto.c:162:13:draw_order	616	static
/home/test/zynq_fabricmap/firmware/b1/b1_carto.c:180:13:draw_pairs	640	static
/home/test/zynq_fabricmap/firmware/b1/b1_carto.c:400:13:w_entry	40	static
/home/test/zynq_fabricmap/firmware/b1/b1_carto.c:19:6:b1_rng_init	8	static
/home/test/zynq_fabricmap/firmware/b1/b1_carto.c:30:10:b1_rng_next32	0	static
/home/test/zynq_fabricmap/firmware/b1/b1_carto.c:36:10:b1_rng_uniform	24	static
/home/test/zynq_fabricmap/firmware/b1/b1_carto.c:78:5:b1_carto_changed	4	static
/home/test/zynq_fabricmap/firmware/b1/b1_carto.c:88:6:b1_carto_init	16	static
/home/test/zynq_fabricmap/firmware/b1/b1_carto.c:106:6:b1_carto_bind	32	static
/home/test/zynq_fabricmap/firmware/b1/b1_carto.c:210:5:b1_carto_next	24	static
/home/test/zynq_fabricmap/firmware/b1/b1_carto.c:272:6:b1_carto_observe	104	static
/home/test/zynq_fabricmap/firmware/b1/b1_carto.c:349:6:b1_carto_unobserved	0	static
/home/test/zynq_fabricmap/firmware/b1/b1_carto.c:421:8:b1_carto_render	200	static
/home/test/zynq_fabricmap/firmware/b1/b1_carto.c:473:8:b1_carto_record_json	64	static
