/home/test/zynq_fabricmap/firmware/b1/p3_derive.c:25:13:sha256_block	336	static
/home/test/zynq_fabricmap/firmware/b1/p3_derive.c:49:6:p3_sha256_init	8	static
/home/test/zynq_fabricmap/firmware/b1/p3_derive.c:58:6:p3_sha256_update	32	static
/home/test/zynq_fabricmap/firmware/b1/p3_derive.c:76:6:p3_sha256_final	40	static
/home/test/zynq_fabricmap/firmware/b1/p3_derive.c:97:6:p3_sha256_words	32	static
/home/test/zynq_fabricmap/firmware/b1/p3_derive.c:110:6:p3_hex	8	static
/home/test/zynq_fabricmap/firmware/b1/p3_derive.c:123:10:p3_crc32	4	static
/home/test/zynq_fabricmap/firmware/b1/p3_derive.c:174:10:p3_frame_ecc	16	static
/home/test/zynq_fabricmap/firmware/b1/p3_derive.c:183:6:p3_frame_update_ecc	8	static
/home/test/zynq_fabricmap/firmware/b1/p3_derive.c:199:5:p3_genome_from_hex	24	static
/home/test/zynq_fabricmap/firmware/b1/p3_derive.c:219:6:p3_genome_to_hex	12	static
/home/test/zynq_fabricmap/firmware/b1/p3_derive.c:229:5:p3_genome_bit	0	static
/home/test/zynq_fabricmap/firmware/b1/p3_derive.c:236:6:p3_derive_frames	32	static
/home/test/zynq_fabricmap/firmware/b1/p3_derive.c:272:6:p3_build_stream	36	static
/home/test/zynq_fabricmap/firmware/b1/p3_derive.c:308:5:p3_parse_stream	72	static
/home/test/zynq_fabricmap/firmware/b1/p3_derive.c:376:6:p3_frames_hash	176	static
/home/test/zynq_fabricmap/firmware/b1/p3_derive.c:407:6:p3_build_readback_command	4	static
/home/test/zynq_fabricmap/firmware/b1/p3_derive.c:425:6:p3_build_cleanup_command	0	static
/home/test/zynq_fabricmap/firmware/b1/p3_derive.c:436:10:p3_nonce_step	0	static
/home/test/zynq_fabricmap/firmware/b1/p3_derive.c:444:8:p3_base64url	32	static
/home/test/zynq_fabricmap/firmware/b1/p3_derive.c:488:8:p3_base64url_decode	48	static
/home/test/zynq_fabricmap/firmware/b1/p3_derive.c:525:5:p3_parse_identity_page	56	static
