/home/test/zynq_psoracle/firmware/p3_app.c:485:12:devcfg_dma	4	static
/home/test/zynq_psoracle/firmware/p3_app.c:968:12:pull_channel_failed_cb	0	static
/home/test/zynq_psoracle/firmware/p3_app.c:368:20:parse_frame_any	64	static
/home/test/zynq_psoracle/firmware/p3_app.c:949:20:pull_parse_cb	0	static
/home/test/zynq_psoracle/firmware/p3_app.c:1052:12:tx_recv_cb	32	static
/home/test/zynq_psoracle/firmware/p3_app.c:881:17:app_now_ticks	16	static
/home/test/zynq_psoracle/firmware/p3_app.c:875:12:app_rx_byte	8	static
/home/test/zynq_psoracle/firmware/p3_app.c:869:12:app_rx_ready	0	static
/home/test/zynq_psoracle/firmware/p3_app.c:921:12:pull_send_ready_cb	8	static
/home/test/zynq_psoracle/firmware/p3_app.c:856:17:audit_word	0	static
/home/test/zynq_psoracle/firmware/p3_app.c:1077:12:tx_run_line.constprop	64	static
/home/test/zynq_psoracle/firmware/p3_app.c:421:12:json_uint.constprop	16	static
/home/test/zynq_psoracle/firmware/p3_app.c:955:12:pull_payload_fields_cb	24	static
/home/test/zynq_psoracle/firmware/p3_app.c:1064:12:rectx_payload_seq_cb	16	static
/home/test/zynq_psoracle/firmware/p3_app.c:331:15:build_payload_frame.constprop	24	static
/home/test/zynq_psoracle/firmware/p3_app.c:1441:13:emit_summary	184	static
/home/test/zynq_psoracle/firmware/p3_app.c:1105:12:emit_record	128	static
/home/test/zynq_psoracle/firmware/p3_app.c:635:12:stage_streams.isra	2176	static
/home/test/zynq_psoracle/firmware/p3_app.c:1058:20:rectx_parse_cb	0	static
/home/test/zynq_psoracle/firmware/p3_app.c:943:12:pull_recv_cb	32	static
/home/test/zynq_psoracle/firmware/p3_app.c:1045:12:rectx_recv_cb	32	static
/home/test/zynq_psoracle/firmware/p3_app.c:267:17:axi_read	0	static
/home/test/zynq_psoracle/firmware/p3_app.c:1036:12:rectx_send_cb	8	static
/home/test/zynq_psoracle/firmware/p3_app.c:342:13:send_payload	8	static
/home/test/zynq_psoracle/firmware/p3_app.c:929:12:pull_serve_chunk_cb	56	static
/home/test/zynq_psoracle/firmware/p3_app.c:981:12:audit_pull	144	static
/home/test/zynq_psoracle/firmware/p3_app.c:355:13:heartbeat.part.0	16	static
/home/test/zynq_psoracle/firmware/p3_app.c:678:12:write_envelopes	32	static
/home/test/zynq_psoracle/firmware/p3_app.c:936:12:pull_send_wait_cb	16	static
/home/test/zynq_psoracle/firmware/p3_app.c:773:12:arm_attempt	160	static
/home/test/zynq_psoracle/firmware/p3_app.c:1144:12:run_candidate	9968	static
/home/test/zynq_psoracle/firmware/p3_app.c:1487:5:main	368	static
