test_the_committed_manifest_is_frozen_and_refuses_at_the_qualification (test_b1_runner.RefusalOrder.test_the_committed_manifest_is_frozen_and_refuses_at_the_qualification)
Since the owner's freeze (2026-09-06) the committed manifest is FROZEN and ... ERROR
test_the_committed_manifest_is_frozen_to_the_documents_bytes_and_refuses_at_the_qualification (test_b1_adjudicate.Binding.test_the_committed_manifest_is_frozen_to_the_documents_bytes_and_refuses_at_the_qualification) ... FAIL

======================================================================
ERROR: test_the_committed_manifest_is_frozen_and_refuses_at_the_qualification (test_b1_runner.RefusalOrder.test_the_committed_manifest_is_frozen_and_refuses_at_the_qualification)
Since the owner's freeze (2026-09-06) the committed manifest is FROZEN and
----------------------------------------------------------------------
Traceback (most recent call last):
  File "/home/test/zynq_fabricmap/tests/test_b1_runner.py", line 104, in test_the_committed_manifest_is_frozen_and_refuses_at_the_qualification
    self.refuses(Fixture().args(), "not qualified", "no carrier.qualification")
  File "/home/test/zynq_fabricmap/tests/test_b1_runner.py", line 90, in refuses
    rn.preflight(args, profile)
  File "/home/test/zynq_fabricmap/host/b1_runner.py", line 212, in preflight
    records.boundary_established(boundary, time.time())
  File "/home/test/zynq_psoracle/validators/records.py", line 158, in boundary_established
    raise RecordError("principal_boundary record is older than 6 h; re-run the verifier")
validators.records.RecordError: principal_boundary record is older than 6 h; re-run the verifier

======================================================================
FAIL: test_the_committed_manifest_is_frozen_to_the_documents_bytes_and_refuses_at_the_qualification (test_b1_adjudicate.Binding.test_the_committed_manifest_is_frozen_to_the_documents_bytes_and_refuses_at_the_qualification)
----------------------------------------------------------------------
Traceback (most recent call last):
  File "/home/test/zynq_fabricmap/tests/test_b1_adjudicate.py", line 328, in test_the_committed_manifest_is_frozen_to_the_documents_bytes_and_refuses_at_the_qualification
    self.assertTrue(res["outcome"].startswith("REFUSED")); self.assertIn("no carrier.qualification", res["outcome"])
    ^^^^^^^^^^^^^^^^^^^^^^^^^^^^^^^^^^^^^^^^^^^^^^^^^^^^^
AssertionError: False is not true

----------------------------------------------------------------------
Ran 2 tests in 0.997s

FAILED (failures=1, errors=1)
